{
  "agentId": "agt_49e6ee1d2cf2d9ad1ad0525c",
  "screeningModel": "deepseek/deepseek-v4-flash:free",
  "managementModel": "anthropic/claude-haiku-4.5",
  "generalModel": "anthropic/claude-haiku-4.5",
  "dryRun": true,
  "dry_run_wallet": 1,
  "aiMonthlyBudgetUsd": 15,
  "aiDailyBudgetUsd": 0.5,
  "aiMaxCallsPerDay": 200,
  "aiHealthCheckEnabled": false,
  "aiHybridReviewEnabled": false,
  "aiReviewModel": "anthropic/claude-haiku-4.5",
  "aiReviewMinPoolScore": 50,
  "aiReviewMaxPerCycle": 1,
  "aiReviewMaxTokens": 384,
  "redisUrl": "redis://127.0.0.1:6379/0",
  "redisPrefix": "meridian",
  "autoImprovementEnabled": true,
  "autoImprovementTelegram": true,
  "autoImprovementApplySuggestions": true,
  "autoImprovementMinClosesToTune": 3,
  "copyTradingAutoBlacklistRealized": true,
  "estimatedRoundTripTxCostUsd": 0.04,
  "includeAICostInNetPnl": true,
  "maxSteps": 15,
  "maxTokens": 4096,
  "minOrganic": 57,
  "minQuoteOrganic": 42,
  "minFeeActiveTvlRatio": 0.009,
  "minTvl": 4800,
  "maxTvl": 280000,
  "minVolume": 750,
  "minHolders": 190,
  "minMcap": 65000,
  "maxMcap": 25000000,
  "minPoolScore": 56,
  "maxDeployVolatility": 4.1,
  "blockNegativeEV": true,
  "minNetEVPct": 0.16,
  "stopLossPct": -26,
  "takeProfitPct": 8.5,
  "trailingTakeProfit": true,
  "trailingTriggerPct": 4.5,
  "trailingDropPct": 1.7,
  "minFeePerTvl24h": 5.8,
  "outOfRangeBinsToClose": 9,
  "outOfRangeWaitMinutes": 22,
  "volatilityPositionScaling": true,
  "poolQualityPositionScaling": true,
  "maxPositions": 5,
  "maxConsecutiveLosses": 3,
  "maxDailyLossUsd": -7,
  "maxConsecutiveOorCloses": 3,
  "blockDeployIfAllOOR": true,
  "maxPortfolioHeat": 10,
  "maxWalletHeatPct": 75,
  "positionSizePct": 0.22,
  "deployAmountSol": 0.13,
  "maxDeployAmount": 40,
  "gasReserve": 0.28,
  "blockedLaunchpads": [],
  "athFilterPct": -23
}